// Jest Snapshot v1, https://goo.gl/fbAQLP

exports[`App component renders App 1`] = `
<dl>
  <dt>
    Name
  </dt>
  <dd
    style={
      Object {
        "color": undefined,
      }
    }
  />
  <dt>
    Color
  </dt>
  <dd
    style={
      Object {
        "color": undefined,
      }
    }
  />
  <dt>
    Trait
  </dt>
  <dd
    style={
      Object {
        "color": undefined,
      }
    }
  />
</dl>
`;
