// Jest Snapshot v1, https://goo.gl/fbAQLP

exports[`App component renders App 1`] = `
<dl>
  <dt>
    Name
  </dt>
  <dd />
  <dt>
    Birthday
  </dt>
  <dd />
  <dt>
    Lifestyle
  </dt>
  <dd />
</dl>
`;
